Γû▓ Next.js 16.1.6 (Turbopack)
- Environments: .env

  Creating an optimized production build ...
Γ£ô Compiled successfully in 4.0s
  Running TypeScript ...
  Collecting page data using 11 workers ...
  Generating static pages using 11 workers (0/4) ...
  Generating static pages using 11 workers (1/4) 
  Generating static pages using 11 workers (2/4) 
  Generating static pages using 11 workers (3/4) 
Γ£ô Generating static pages using 11 workers (4/4) in 670.4ms
  Finalizing page optimization ...

Route (app)
Γöî Γùï /
Γö£ Γùï /_not-found
Γöö Γùï /icon.png


Γùï  (Static)  prerendered as static content

